2026-08-04 13:34:05,937 - INFO - inputs/chelsa_clim/current/CHELSA_bio02_1981-2010_V.2.1.tifCurrent raster features loaded: inputs/chelsa_clim/current/CHELSA_bio04_1981-2010_V.2.1.tifCurrent raster features loaded: inputs/chelsa_clim/current/CHELSA_bio06_1981-2010_V.2.1.tifCurrent raster features loaded: inputs/chelsa_clim/current/CHELSA_bio14_1981-2010_V.2.1.tifCurrent raster features loaded: inputs/chelsa_clim/current/CHELSA_bio15_1981-2010_V.2.1.tifCurrent raster features loaded: inputs/chelsa_clim/current/CHELSA_bio19_1981-2010_V.2.1.tifCurrent raster features loaded: inputs/chelsa_clim/current/CHELSA_fgd_1981-2010_V.2.1.tifCurrent raster features loaded: inputs/chelsa_clim/current/CHELSA_scd_1981-2010_V.2.1.tif
2026-08-04 13:34:05,937 - INFO - beanleafbeetle
2026-08-04 13:34:06,039 - INFO - 1482 observations with 2 columns
2026-08-04 13:35:03,564 - INFO -           0         1         2         3         4         5         6         7
0  1.000000 -0.480034  0.622400 -0.085307 -0.116354 -0.028758 -0.378345 -0.659186
1 -0.480034  1.000000 -0.906836 -0.535201  0.455203 -0.570128  0.537489  0.707827
2  0.622400 -0.906836  1.000000  0.476124 -0.514686  0.411488 -0.642263 -0.912992
3 -0.085307 -0.535201  0.476124  1.000000 -0.769437  0.716577 -0.330809 -0.349858
4 -0.116354  0.455203 -0.514686 -0.769437  1.000000 -0.334023  0.381689  0.465631
5 -0.028758 -0.570128  0.411488  0.716577 -0.334023  1.000000 -0.170559 -0.238851
6 -0.378345  0.537489 -0.642263 -0.330809  0.381689 -0.170559  1.000000  0.679104
7 -0.659186  0.707827 -0.912992 -0.349858  0.465631 -0.238851  0.679104  1.000000
2026-08-04 13:35:03,564 - INFO - bircherryaphid
2026-08-04 13:35:03,606 - INFO - 1158 observations with 2 columns
2026-08-04 13:35:44,807 - INFO -           0         1         2         3         4         5         6         7
0  1.000000 -0.407540  0.612494 -0.177495 -0.033403 -0.080502 -0.296294 -0.687247
1 -0.407540  1.000000 -0.915673 -0.282440  0.044572 -0.537383  0.386621  0.734566
2  0.612494 -0.915673  1.000000  0.217261 -0.107557  0.392152 -0.471155 -0.917626
3 -0.177495 -0.282440  0.217261  1.000000 -0.688489  0.663033 -0.175580 -0.042736
4 -0.033403  0.044572 -0.107557 -0.688489  1.000000 -0.168943  0.221404  0.058917
5 -0.080502 -0.537383  0.392152  0.663033 -0.168943  1.000000 -0.081780 -0.197942
6 -0.296294  0.386621 -0.471155 -0.175580  0.221404 -0.081780  1.000000  0.469105
7 -0.687247  0.734566 -0.917626 -0.042736  0.058917 -0.197942  0.469105  1.000000
2026-08-04 13:35:44,807 - INFO - blackcutworm
2026-08-04 13:35:44,859 - INFO - 2397 observations with 2 columns
2026-08-04 13:37:06,677 - INFO -           0         1         2         3         4         5         6         7
0  1.000000 -0.384670  0.480955 -0.126568  0.015455 -0.031492 -0.133739 -0.550047
1 -0.384670  1.000000 -0.927614 -0.373795  0.214158 -0.548164  0.348368  0.790997
2  0.480955 -0.927614  1.000000  0.391421 -0.330931  0.425435 -0.407315 -0.934473
3 -0.126568 -0.373795  0.391421  1.000000 -0.802836  0.695703 -0.370684 -0.309327
4  0.015455  0.214158 -0.330931 -0.802836  1.000000 -0.308767  0.378387  0.319829
5 -0.031492 -0.548164  0.425435  0.695703 -0.308767  1.000000 -0.163360 -0.290092
6 -0.133739  0.348368 -0.407315 -0.370684  0.378387 -0.163360  1.000000  0.450021
7 -0.550047  0.790997 -0.934473 -0.309327  0.319829 -0.290092  0.450021  1.000000
2026-08-04 13:37:06,677 - INFO - differentialgrasshopper
2026-08-04 13:37:06,761 - INFO - 6482 observations with 2 columns
2026-08-04 13:40:51,388 - INFO -           0         1         2         3         4         5         6         7
0  1.000000 -0.310049  0.370740 -0.285019  0.262161  0.013042  0.098377 -0.486546
1 -0.310049  1.000000 -0.915423 -0.030796 -0.186478 -0.436349  0.086145  0.802029
2  0.370740 -0.915423  1.000000  0.122127 -0.007651  0.305254 -0.168085 -0.938054
3 -0.285019 -0.030796  0.122127  1.000000 -0.852672  0.475060 -0.386528 -0.082125
4  0.262161 -0.186478 -0.007651 -0.852672  1.000000 -0.088660  0.406262  0.012277
5  0.013042 -0.436349  0.305254  0.475060 -0.088660  1.000000  0.018989 -0.229421
6  0.098377  0.086145 -0.168085 -0.386528  0.406262  0.018989  1.000000  0.192554
7 -0.486546  0.802029 -0.938054 -0.082125  0.012277 -0.229421  0.192554  1.000000
2026-08-04 13:40:51,388 - INFO - greenStink
2026-08-04 13:40:51,479 - INFO - 6856 observations with 2 columns
2026-08-04 13:44:42,721 - INFO -           0         1         2         3         4         5         6         7
0  1.000000 -0.332901  0.439743 -0.131056  0.067959 -0.059609 -0.033306 -0.488146
1 -0.332901  1.000000 -0.915565 -0.255946  0.122167 -0.522360  0.226808  0.797092
2  0.439743 -0.915565  1.000000  0.287158 -0.240071  0.347632 -0.246842 -0.928412
3 -0.131056 -0.255946  0.287158  1.000000 -0.852655  0.559546 -0.377992 -0.261120
4  0.067959  0.122167 -0.240071 -0.852655  1.000000 -0.248873  0.356749  0.240605
5 -0.059609 -0.522360  0.347632  0.559546 -0.248873  1.000000 -0.173725 -0.305818
6 -0.033306  0.226808 -0.246842 -0.377992  0.356749 -0.173725  1.000000  0.322341
7 -0.488146  0.797092 -0.928412 -0.261120  0.240605 -0.305818  0.322341  1.000000
2026-08-04 13:44:42,722 - INFO - japanesebeetle
2026-08-04 13:44:42,779 - INFO - 1440 observations with 2 columns
2026-08-04 13:45:31,687 - INFO -           0         1         2         3         4         5         6         7
0  1.000000 -0.490797  0.616088  0.036190 -0.249755  0.030779 -0.394411 -0.633406
1 -0.490797  1.000000 -0.927676 -0.622157  0.573995 -0.609583  0.678559  0.763426
2  0.616088 -0.927676  1.000000  0.588661 -0.615975  0.484629 -0.757887 -0.930278
3  0.036190 -0.622157  0.588661  1.000000 -0.782260  0.748607 -0.473943 -0.482865
4 -0.249755  0.573995 -0.615975 -0.782260  1.000000 -0.404482  0.490587  0.580352
5  0.030779 -0.609583  0.484629  0.748607 -0.404482  1.000000 -0.311689 -0.315796
6 -0.394411  0.678559 -0.757887 -0.473943  0.490587 -0.311689  1.000000  0.777813
7 -0.633406  0.763426 -0.930278 -0.482865  0.580352 -0.315796  0.777813  1.000000
2026-08-04 13:45:31,687 - INFO - northerncornrootworm
2026-08-04 13:45:31,755 - INFO - 2475 observations with 2 columns
2026-08-04 13:47:10,765 - INFO -           0         1         2         3         4         5         6         7
0  1.000000 -0.421923  0.612817 -0.179417  0.025146 -0.100043 -0.366218 -0.681895
1 -0.421923  1.000000 -0.877764 -0.462464  0.401027 -0.539828  0.532011  0.652311
2  0.612817 -0.877764  1.000000  0.313251 -0.364965  0.307089 -0.616176 -0.905146
3 -0.179417 -0.462464  0.313251  1.000000 -0.825493  0.717650 -0.089538 -0.133350
4  0.025146  0.401027 -0.364965 -0.825493  1.000000 -0.411619  0.096779  0.255313
5 -0.100043 -0.539828  0.307089  0.717650 -0.411619  1.000000 -0.078140 -0.101841
6 -0.366218  0.532011 -0.616176 -0.089538  0.096779 -0.078140  1.000000  0.587240
7 -0.681895  0.652311 -0.905146 -0.133350  0.255313 -0.101841  0.587240  1.000000
2026-08-04 13:47:10,765 - INFO - seedcornmaggot
2026-08-04 13:47:10,808 - INFO - 1006 observations with 2 columns
2026-08-04 13:47:45,036 - INFO -           0         1         2         3         4         5         6         7
0  1.000000 -0.471661  0.651507 -0.096917 -0.154636 -0.048212 -0.363415 -0.706490
1 -0.471661  1.000000 -0.901457 -0.486095  0.458107 -0.549267  0.526015  0.685216
2  0.651507 -0.901457  1.000000  0.374120 -0.433387  0.398438 -0.600077 -0.907251
3 -0.096917 -0.486095  0.374120  1.000000 -0.702871  0.795694 -0.142257 -0.165773
4 -0.154636  0.458107 -0.433387 -0.702871  1.000000 -0.404962  0.168085  0.313637
5 -0.048212 -0.549267  0.398438  0.795694 -0.404962  1.000000 -0.110360 -0.192660
6 -0.363415  0.526015 -0.600077 -0.142257  0.168085 -0.110360  1.000000  0.598517
7 -0.706490  0.685216 -0.907251 -0.165773  0.313637 -0.192660  0.598517  1.000000
2026-08-04 13:47:45,036 - INFO - southerngreenstink
2026-08-04 13:47:45,091 - INFO - 1324 observations with 2 columns
2026-08-04 13:48:31,055 - INFO -           0         1         2         3         4         5         6         7
0  1.000000 -0.402401  0.503583 -0.162825  0.091219  0.080485 -0.103356 -0.572775
1 -0.402401  1.000000 -0.938600 -0.243936 -0.071822 -0.566685  0.336172  0.819696
2  0.503583 -0.938600  1.000000  0.287719 -0.034876  0.494839 -0.451513 -0.945657
3 -0.162825 -0.243936  0.287719  1.000000 -0.784203  0.580599 -0.410687 -0.216361
4  0.091219 -0.071822 -0.034876 -0.784203  1.000000 -0.204922  0.391704  0.029473
5  0.080485 -0.566685  0.494839  0.580599 -0.204922  1.000000 -0.136615 -0.408327
6 -0.103356  0.336172 -0.451513 -0.410687  0.391704 -0.136615  1.000000  0.449550
7 -0.572775  0.819696 -0.945657 -0.216361  0.029473 -0.408327  0.449550  1.000000
2026-08-04 13:48:31,055 - INFO - threecornerneredalfalfa
2026-08-04 13:48:31,112 - INFO - 1315 observations with 2 columns
2026-08-04 13:49:15,572 - INFO -           0         1         2         3         4         5         6         7
0  1.000000 -0.422776  0.556041 -0.069593 -0.143076 -0.016352 -0.346215 -0.602699
1 -0.422776  1.000000 -0.924588 -0.551235  0.471824 -0.568612  0.643235  0.765123
2  0.556041 -0.924588  1.000000  0.505410 -0.499415  0.448835 -0.706157 -0.931241
3 -0.069593 -0.551235  0.505410  1.000000 -0.791215  0.767759 -0.407100 -0.409312
4 -0.143076  0.471824 -0.499415 -0.791215  1.000000 -0.454356  0.387982  0.473807
5 -0.016352 -0.568612  0.448835  0.767759 -0.454356  1.000000 -0.292478 -0.299244
6 -0.346215  0.643235 -0.706157 -0.407100  0.387982 -0.292478  1.000000  0.712149
7 -0.602699  0.765123 -0.931241 -0.409312  0.473807 -0.299244  0.712149  1.000000
2026-08-04 13:49:15,572 - INFO - truearmyworm
2026-08-04 13:49:15,659 - INFO - 6482 observations with 2 columns
2026-08-04 13:52:53,876 - INFO -           0         1         2         3         4         5         6         7
0  1.000000 -0.310049  0.370740 -0.285019  0.262161  0.013042  0.098377 -0.486546
1 -0.310049  1.000000 -0.915423 -0.030796 -0.186478 -0.436349  0.086145  0.802029
2  0.370740 -0.915423  1.000000  0.122127 -0.007651  0.305254 -0.168085 -0.938054
3 -0.285019 -0.030796  0.122127  1.000000 -0.852672  0.475060 -0.386528 -0.082125
4  0.262161 -0.186478 -0.007651 -0.852672  1.000000 -0.088660  0.406262  0.012277
5  0.013042 -0.436349  0.305254  0.475060 -0.088660  1.000000  0.018989 -0.229421
6  0.098377  0.086145 -0.168085 -0.386528  0.406262  0.018989  1.000000  0.192554
7 -0.486546  0.802029 -0.938054 -0.082125  0.012277 -0.229421  0.192554  1.000000
2026-08-04 13:52:53,876 - INFO - two-striped-grasshopper
2026-08-04 13:52:53,939 - INFO - 1871 observations with 2 columns
2026-08-04 13:53:57,928 - INFO -           0         1         2         3         4         5         6         7
0  1.000000 -0.419486  0.561495 -0.196323 -0.083839 -0.150219 -0.369780 -0.590690
1 -0.419486  1.000000 -0.915176 -0.455654  0.458697 -0.514224  0.573334  0.742870
2  0.561495 -0.915176  1.000000  0.370200 -0.474850  0.359659 -0.626854 -0.923649
3 -0.196323 -0.455654  0.370200  1.000000 -0.737920  0.782069 -0.188190 -0.223762
4 -0.083839  0.458697 -0.474850 -0.737920  1.000000 -0.377682  0.248991  0.400181
5 -0.150219 -0.514224  0.359659  0.782069 -0.377682  1.000000 -0.163021 -0.196137
6 -0.369780  0.573334 -0.626854 -0.188190  0.248991 -0.163021  1.000000  0.632808
7 -0.590690  0.742870 -0.923649 -0.223762  0.400181 -0.196137  0.632808  1.000000
2026-08-04 13:53:57,928 - INFO - westcornrootworm
2026-08-04 13:53:57,971 - INFO - 1440 observations with 2 columns
2026-08-04 13:54:47,100 - INFO -           0         1         2         3         4         5         6         7
0  1.000000 -0.387899  0.558717 -0.199612 -0.071584 -0.115186 -0.332489 -0.607244
1 -0.387899  1.000000 -0.912110 -0.431550  0.329309 -0.611509  0.542358  0.738037
2  0.558717 -0.912110  1.000000  0.356344 -0.386599  0.446429 -0.599047 -0.913221
3 -0.199612 -0.431550  0.356344  1.000000 -0.696788  0.681241 -0.158581 -0.170344
4 -0.071584  0.329309 -0.386599 -0.696788  1.000000 -0.254276  0.207362  0.303692
5 -0.115186 -0.611509  0.446429  0.681241 -0.254276  1.000000 -0.159560 -0.283000
6 -0.332489  0.542358 -0.599047 -0.158581  0.207362 -0.159560  1.000000  0.596188
7 -0.607244  0.738037 -0.913221 -0.170344  0.303692 -0.283000  0.596188  1.000000
