2026-08-04 00:35:53,848 - INFO - inputs/chelsa_clim/current/CHELSA_bio02_1981-2010_V.2.1.tifCurrent raster features loaded: inputs/chelsa_clim/current/CHELSA_bio04_1981-2010_V.2.1.tifCurrent raster features loaded: inputs/chelsa_clim/current/CHELSA_bio06_1981-2010_V.2.1.tifCurrent raster features loaded: inputs/chelsa_clim/current/CHELSA_bio14_1981-2010_V.2.1.tifCurrent raster features loaded: inputs/chelsa_clim/current/CHELSA_bio15_1981-2010_V.2.1.tifCurrent raster features loaded: inputs/chelsa_clim/current/CHELSA_bio19_1981-2010_V.2.1.tifCurrent raster features loaded: inputs/chelsa_clim/current/CHELSA_fgd_1981-2010_V.2.1.tifCurrent raster features loaded: inputs/chelsa_clim/current/CHELSA_scd_1981-2010_V.2.1.tif
2026-08-04 00:36:24,625 - INFO - Future raster features loaded.
2026-08-04 00:36:24,625 - INFO - beanleafbeetle
2026-08-04 00:37:41,725 - INFO - 1482 observations with 2 columns
2026-08-04 00:38:33,136 - INFO - Model: random forest
2026-08-04 00:38:37,195 - INFO - random forest CV score: 0.9673268583761823
2026-08-04 00:38:45,364 - INFO - Best threshold: 0.448
2026-08-04 00:38:45,366 - INFO - TSS: 0.9232456140350878
2026-08-04 00:38:46,307 - INFO - AUC score: 0.9837355371900827
2026-08-04 00:38:46,399 - INFO - Model: lda
2026-08-04 00:38:46,420 - INFO - lda CV score: 0.9177743921792674
2026-08-04 00:38:50,551 - INFO - Best threshold: 0.5700000000000001
2026-08-04 00:38:50,551 - INFO - TSS: 0.8557017543859649
2026-08-04 00:38:50,555 - INFO - AUC score: 0.8941487603305786
2026-08-04 00:38:50,559 - INFO - Model: decision tree
2026-08-04 00:38:50,578 - INFO - decision tree CV score: 0.9616898368564717
2026-08-04 00:38:54,506 - INFO - Best threshold: 0.001
2026-08-04 00:38:54,507 - INFO - TSS: 0.8890350877192983
2026-08-04 00:38:54,512 - INFO - AUC score: 0.9798677685950413
2026-08-04 00:38:54,516 - INFO - Model: log res glm
2026-08-04 00:38:55,268 - INFO - log res glm CV score: 0.9234241096933917
2026-08-04 00:38:59,947 - INFO - Best threshold: 0.277
2026-08-04 00:38:59,947 - INFO - TSS: 0.8657894736842104
2026-08-04 00:39:00,130 - INFO - AUC score: 0.9376033057851239
2026-08-04 00:39:00,133 - INFO - Model: log res big
2026-08-04 00:39:01,014 - INFO - log res big CV score: 0.9234241096933917
2026-08-04 00:39:05,820 - INFO - Best threshold: 0.277
2026-08-04 00:39:05,820 - INFO - TSS: 0.8657894736842104
2026-08-04 00:39:05,991 - INFO - AUC score: 0.9376033057851239
2026-08-04 00:39:05,994 - INFO - Model: xg boost
2026-08-04 00:39:06,215 - INFO - xg boost CV score: 0.9662096108677712
2026-08-04 00:39:10,616 - INFO - Best threshold: 0.28600000000000003
2026-08-04 00:39:10,618 - INFO - TSS: 0.9315789473684211
2026-08-04 00:39:10,657 - INFO - AUC score: 0.984
2026-08-04 00:39:10,663 - INFO - Model: mars
2026-08-04 00:39:10,722 - INFO - mars CV score: 0.9594426458452358
2026-08-04 00:39:15,298 - INFO - Best threshold: 0.243
2026-08-04 00:39:15,299 - INFO - TSS: 0.9083333333333332
2026-08-04 00:39:15,313 - INFO - AUC score: 0.9560000000000001
2026-08-04 00:39:15,313 - INFO - Model: maxent
2026-08-04 00:39:15,880 - INFO - maxent CV score: 0.9902069808564684
2026-08-04 00:39:20,524 - INFO - Best threshold: 0.046
2026-08-04 00:39:20,525 - INFO - TSS: 0.8907894736842104
2026-08-04 00:39:20,761 - INFO - AUC score: 0.978
2026-08-04 00:39:20,762 - INFO - [5, 0, 2]
2026-08-04 00:39:22,097 - INFO - Voting model ROC AUC: 0.9878677685950413
2026-08-04 00:39:22,097 - INFO - Voting model threshold: 0.5680000000000001
2026-08-04 00:39:22,097 - INFO - Best sum: 1.9728660779985283
2026-08-04 00:40:27,715 - INFO - bircherryaphid
2026-08-04 00:41:40,631 - INFO - 1158 observations with 2 columns
2026-08-04 00:42:23,746 - INFO - Model: random forest
2026-08-04 00:42:28,214 - INFO - random forest CV score: 0.953894275883641
2026-08-04 00:42:37,237 - INFO - Best threshold: 0.186
2026-08-04 00:42:37,237 - INFO - TSS: 0.95
2026-08-04 00:42:38,110 - INFO - AUC score: 0.875
2026-08-04 00:42:38,183 - INFO - Model: lda
2026-08-04 00:42:38,196 - INFO - lda CV score: 0.9135439474507349
2026-08-04 00:42:42,317 - INFO - Best threshold: 0.041
2026-08-04 00:42:42,319 - INFO - TSS: 0.5305555555555554
2026-08-04 00:42:42,322 - INFO - AUC score: 0.781
2026-08-04 00:42:42,327 - INFO - Model: decision tree
2026-08-04 00:42:42,351 - INFO - decision tree CV score: 0.9423730580752789
2026-08-04 00:42:46,404 - INFO - Best threshold: 0.667
2026-08-04 00:42:46,404 - INFO - TSS: 0.713888888888889
2026-08-04 00:42:46,409 - INFO - AUC score: 0.8215
2026-08-04 00:42:46,413 - INFO - Model: log res glm
2026-08-04 00:42:46,702 - INFO - log res glm CV score: 0.9207277656135961
2026-08-04 00:42:51,062 - INFO - Best threshold: 0.078
2026-08-04 00:42:51,063 - INFO - TSS: 0.7250000000000001
2026-08-04 00:42:51,095 - INFO - AUC score: 0.8635
2026-08-04 00:42:51,099 - INFO - Model: log res big
2026-08-04 00:42:51,387 - INFO - log res big CV score: 0.9207277656135961
2026-08-04 00:42:55,772 - INFO - Best threshold: 0.078
2026-08-04 00:42:55,773 - INFO - TSS: 0.7250000000000001
2026-08-04 00:42:55,801 - INFO - AUC score: 0.8635
2026-08-04 00:42:55,805 - INFO - Model: xg boost
2026-08-04 00:42:56,170 - INFO - xg boost CV score: 0.9553539776874154
2026-08-04 00:43:00,878 - INFO - Best threshold: 0.067
2026-08-04 00:43:00,878 - INFO - TSS: 0.925
2026-08-04 00:43:00,958 - INFO - AUC score: 0.8730000000000001
2026-08-04 00:43:00,969 - INFO - Model: mars
2026-08-04 00:43:01,048 - INFO - mars CV score: 0.9495881555625065
2026-08-04 00:43:05,122 - INFO - Best threshold: 0.092
2026-08-04 00:43:05,122 - INFO - TSS: 0.8416666666666668
2026-08-04 00:43:05,134 - INFO - AUC score: 0.848
2026-08-04 00:43:05,134 - INFO - Model: maxent
2026-08-04 00:43:05,338 - INFO - maxent CV score: 0.9655311890838206
2026-08-04 00:43:09,847 - INFO - Best threshold: 0.842
2026-08-04 00:43:09,847 - INFO - TSS: 0.9277777777777776
2026-08-04 00:43:09,902 - INFO - AUC score: 0.8825
2026-08-04 00:43:09,902 - INFO - [7, 0, 5]
2026-08-04 00:43:11,075 - INFO - Voting model ROC AUC: 0.8779999999999999
2026-08-04 00:43:11,076 - INFO - Voting model threshold: 0.14200000000000002
2026-08-04 00:43:11,076 - INFO - Best sum: 1.81
2026-08-04 00:46:50,345 - INFO - blackcutworm
2026-08-04 00:48:10,928 - INFO - 2397 observations with 2 columns
2026-08-04 00:49:43,055 - INFO - Model: random forest
2026-08-04 00:49:47,609 - INFO - random forest CV score: 0.955473286875726
2026-08-04 00:49:57,010 - INFO - Best threshold: 0.789
2026-08-04 00:49:57,010 - INFO - TSS: 0.9138223552894211
2026-08-04 00:49:57,987 - INFO - AUC score: 0.9554285714285714
2026-08-04 00:49:58,055 - INFO - Model: lda
2026-08-04 00:49:58,080 - INFO - lda CV score: 0.9241627951993806
2026-08-04 00:50:02,810 - INFO - Best threshold: 0.46900000000000003
2026-08-04 00:50:02,811 - INFO - TSS: 0.849750499001996
2026-08-04 00:50:02,815 - INFO - AUC score: 0.918
2026-08-04 00:50:02,821 - INFO - Model: decision tree
2026-08-04 00:50:02,851 - INFO - decision tree CV score: 0.9513042005420054
2026-08-04 00:50:07,455 - INFO - Best threshold: 0.858
2026-08-04 00:50:07,456 - INFO - TSS: 0.8914171656686627
2026-08-04 00:50:07,462 - INFO - AUC score: 0.9465714285714286
2026-08-04 00:50:07,466 - INFO - Model: log res glm
2026-08-04 00:50:07,667 - INFO - log res glm CV score: 0.9297352884243129
2026-08-04 00:50:12,224 - INFO - Best threshold: 0.628
2026-08-04 00:50:12,224 - INFO - TSS: 0.8757984031936128
2026-08-04 00:50:12,267 - INFO - AUC score: 0.927142857142857
2026-08-04 00:50:12,271 - INFO - Model: log res big
2026-08-04 00:50:12,450 - INFO - log res big CV score: 0.9297352884243129
2026-08-04 00:50:16,814 - INFO - Best threshold: 0.628
2026-08-04 00:50:16,815 - INFO - TSS: 0.8757984031936128
2026-08-04 00:50:16,854 - INFO - AUC score: 0.927142857142857
2026-08-04 00:50:16,858 - INFO - Model: xg boost
2026-08-04 00:50:17,237 - INFO - xg boost CV score: 0.9554660278745644
2026-08-04 00:50:21,913 - INFO - Best threshold: 0.756
2026-08-04 00:50:21,913 - INFO - TSS: 0.9367265469061876
2026-08-04 00:50:21,977 - INFO - AUC score: 0.9665714285714286
2026-08-04 00:50:21,985 - INFO - Model: mars
2026-08-04 00:50:22,077 - INFO - mars CV score: 0.9450324235385212
2026-08-04 00:50:26,319 - INFO - Best threshold: 0.764
2026-08-04 00:50:26,319 - INFO - TSS: 0.9007984031936127
2026-08-04 00:50:26,336 - INFO - AUC score: 0.9431428571428571
2026-08-04 00:50:26,336 - INFO - Model: maxent
2026-08-04 00:50:27,381 - INFO - maxent CV score: 0.9851103150841174
2026-08-04 00:50:33,117 - INFO - Best threshold: 0.747
2026-08-04 00:50:33,117 - INFO - TSS: 0.9174650698602793
2026-08-04 00:50:33,404 - INFO - AUC score: 0.9414285714285714
2026-08-04 00:50:33,405 - INFO - [5, 0, 2]
2026-08-04 00:50:34,684 - INFO - Voting model ROC AUC: 0.9540000000000001
2026-08-04 00:50:34,684 - INFO - Voting model threshold: 0.28800000000000003
2026-08-04 00:50:34,685 - INFO - Best sum: 1.9161904761904762
2026-08-04 00:51:47,744 - INFO - differentialgrasshopper
2026-08-04 00:53:22,111 - INFO - 6482 observations with 2 columns
2026-08-04 00:57:19,703 - INFO - Model: random forest
2026-08-04 00:57:24,928 - INFO - random forest CV score: 0.9832818863667192
2026-08-04 00:57:35,117 - INFO - Best threshold: 0.742
2026-08-04 00:57:35,118 - INFO - TSS: 0.9749238964992388
2026-08-04 00:57:36,233 - INFO - AUC score: 0.9823413566739606
2026-08-04 00:57:36,304 - INFO - Model: lda
2026-08-04 00:57:36,323 - INFO - lda CV score: 0.9657922336585576
2026-08-04 00:57:40,580 - INFO - Best threshold: 0.712
2026-08-04 00:57:40,581 - INFO - TSS: 0.8506468797564688
2026-08-04 00:57:40,586 - INFO - AUC score: 0.9085061998541211
2026-08-04 00:57:40,590 - INFO - Model: decision tree
2026-08-04 00:57:40,642 - INFO - decision tree CV score: 0.9771092429190116
2026-08-04 00:57:44,951 - INFO - Best threshold: 0.751
2026-08-04 00:57:44,951 - INFO - TSS: 0.959779299847793
2026-08-04 00:57:44,974 - INFO - AUC score: 0.9558001458789206
2026-08-04 00:57:44,980 - INFO - Model: log res glm
2026-08-04 00:57:45,422 - INFO - log res glm CV score: 0.9724786850750862
2026-08-04 00:57:50,095 - INFO - Best threshold: 0.758
2026-08-04 00:57:50,095 - INFO - TSS: 0.8991248097412481
2026-08-04 00:57:50,145 - INFO - AUC score: 0.9444945295404815
2026-08-04 00:57:50,149 - INFO - Model: log res big
2026-08-04 00:57:50,460 - INFO - log res big CV score: 0.9724786850750862
2026-08-04 00:57:54,909 - INFO - Best threshold: 0.758
2026-08-04 00:57:54,910 - INFO - TSS: 0.8991248097412481
2026-08-04 00:57:54,955 - INFO - AUC score: 0.9444945295404815
2026-08-04 00:57:54,958 - INFO - Model: xg boost
2026-08-04 00:57:55,304 - INFO - xg boost CV score: 0.9861122966521423
2026-08-04 00:58:00,022 - INFO - Best threshold: 0.927
2026-08-04 00:58:00,022 - INFO - TSS: 0.9779680365296803
2026-08-04 00:58:00,098 - INFO - AUC score: 0.9778001458789204
2026-08-04 00:58:00,105 - INFO - Model: mars
2026-08-04 00:58:00,212 - INFO - mars CV score: 0.9778801202965728
2026-08-04 00:58:04,473 - INFO - Best threshold: 0.659
2026-08-04 00:58:04,474 - INFO - TSS: 0.9431126331811264
2026-08-04 00:58:04,498 - INFO - AUC score: 0.9576119620714807
2026-08-04 00:58:04,498 - INFO - Model: maxent
2026-08-04 00:58:10,703 - INFO - maxent CV score: 0.9930494372042027
2026-08-04 00:58:20,735 - INFO - Best threshold: 1.0
2026-08-04 00:58:20,736 - INFO - TSS: 0.9573820395738204
2026-08-04 00:58:22,177 - INFO - AUC score: 0.9741181619256017
2026-08-04 00:58:22,177 - INFO - [0, 5, 7]
2026-08-04 00:58:23,294 - INFO - Voting model ROC AUC: 0.9806827133479212
2026-08-04 00:58:23,294 - INFO - Voting model threshold: 0.9450000000000001
2026-08-04 00:58:23,294 - INFO - Best sum: 1.9641717294451193
2026-08-04 01:01:44,223 - INFO - greenStink
2026-08-04 01:03:20,847 - INFO - 6856 observations with 2 columns
2026-08-04 01:07:39,684 - INFO - Model: random forest
2026-08-04 01:07:45,335 - INFO - random forest CV score: 0.9871146745187774
2026-08-04 01:07:55,493 - INFO - Best threshold: 0.839
2026-08-04 01:07:55,493 - INFO - TSS: 0.98005698005698
2026-08-04 01:07:56,651 - INFO - AUC score: 0.9847295081967213
2026-08-04 01:07:56,737 - INFO - Model: lda
2026-08-04 01:07:56,773 - INFO - lda CV score: 0.9642592970350595
2026-08-04 01:08:01,512 - INFO - Best threshold: 0.921
2026-08-04 01:08:01,513 - INFO - TSS: 0.8684472934472933
2026-08-04 01:08:01,521 - INFO - AUC score: 0.9395081967213115
2026-08-04 01:08:01,527 - INFO - Model: decision tree
2026-08-04 01:08:01,595 - INFO - decision tree CV score: 0.9849257804069735
2026-08-04 01:08:06,229 - INFO - Best threshold: 0.728
2026-08-04 01:08:06,230 - INFO - TSS: 0.9552706552706551
2026-08-04 01:08:06,246 - INFO - AUC score: 0.972535519125683
2026-08-04 01:08:06,252 - INFO - Model: log res glm
2026-08-04 01:08:06,535 - INFO - log res glm CV score: 0.9722843552015797
2026-08-04 01:08:11,147 - INFO - Best threshold: 0.786
2026-08-04 01:08:11,147 - INFO - TSS: 0.9076923076923076
2026-08-04 01:08:11,199 - INFO - AUC score: 0.9699972677595629
2026-08-04 01:08:11,203 - INFO - Model: log res big
2026-08-04 01:08:11,453 - INFO - log res big CV score: 0.9722843552015797
2026-08-04 01:08:16,043 - INFO - Best threshold: 0.786
2026-08-04 01:08:16,045 - INFO - TSS: 0.9076923076923076
2026-08-04 01:08:16,095 - INFO - AUC score: 0.9699972677595629
2026-08-04 01:08:16,099 - INFO - Model: xg boost
2026-08-04 01:08:16,482 - INFO - xg boost CV score: 0.9878434189792846
2026-08-04 01:08:21,619 - INFO - Best threshold: 0.964
2026-08-04 01:08:21,620 - INFO - TSS: 0.9676638176638175
2026-08-04 01:08:21,787 - INFO - AUC score: 0.9864863387978142
2026-08-04 01:08:21,798 - INFO - Model: mars
2026-08-04 01:08:21,909 - INFO - mars CV score: 0.9837116004883917
2026-08-04 01:08:26,453 - INFO - Best threshold: 0.779
2026-08-04 01:08:26,453 - INFO - TSS: 0.9662393162393161
2026-08-04 01:08:26,479 - INFO - AUC score: 0.9838032786885246
2026-08-04 01:08:26,479 - INFO - Model: maxent
2026-08-04 01:08:30,341 - INFO - maxent CV score: 0.9915997154374347
2026-08-04 01:08:38,838 - INFO - Best threshold: 0.379
2026-08-04 01:08:38,839 - INFO - TSS: 0.9705128205128206
2026-08-04 01:08:40,609 - INFO - AUC score: 0.9835601092896175
2026-08-04 01:08:40,610 - INFO - [5, 0, 6]
2026-08-04 01:08:41,908 - INFO - Voting model ROC AUC: 0.9864371584699454
2026-08-04 01:08:41,908 - INFO - Voting model threshold: 0.874
2026-08-04 01:08:41,908 - INFO - Best sum: 1.9660295790671216
2026-08-04 01:10:25,019 - INFO - japanesebeetle
2026-08-04 01:11:40,985 - INFO - 1440 observations with 2 columns
2026-08-04 01:12:29,506 - INFO - Model: random forest
2026-08-04 01:12:33,593 - INFO - random forest CV score: 0.9525406640677512
2026-08-04 01:12:41,306 - INFO - Best threshold: 0.434
2026-08-04 01:12:41,306 - INFO - TSS: 0.9198717948717949
2026-08-04 01:12:42,163 - INFO - AUC score: 0.9541818181818182
2026-08-04 01:12:42,247 - INFO - Model: lda
2026-08-04 01:12:42,261 - INFO - lda CV score: 0.9201505578706815
2026-08-04 01:12:46,150 - INFO - Best threshold: 0.365
2026-08-04 01:12:46,150 - INFO - TSS: 0.8455128205128206
2026-08-04 01:12:46,153 - INFO - AUC score: 0.9352727272727273
2026-08-04 01:12:46,156 - INFO - Model: decision tree
2026-08-04 01:12:46,175 - INFO - decision tree CV score: 0.9282497647533271
2026-08-04 01:12:49,964 - INFO - Best threshold: 0.126
2026-08-04 01:12:49,964 - INFO - TSS: 0.8647435897435898
2026-08-04 01:12:49,970 - INFO - AUC score: 0.9205454545454546
2026-08-04 01:12:49,974 - INFO - Model: log res glm
2026-08-04 01:12:50,171 - INFO - log res glm CV score: 0.9305551821481381
2026-08-04 01:12:54,120 - INFO - Best threshold: 0.48
2026-08-04 01:12:54,121 - INFO - TSS: 0.8455128205128206
2026-08-04 01:12:54,159 - INFO - AUC score: 0.9567272727272726
2026-08-04 01:12:54,163 - INFO - Model: log res big
2026-08-04 01:12:54,366 - INFO - log res big CV score: 0.9305551821481381
2026-08-04 01:12:58,252 - INFO - Best threshold: 0.48
2026-08-04 01:12:58,253 - INFO - TSS: 0.8455128205128206
2026-08-04 01:12:58,290 - INFO - AUC score: 0.9567272727272726
2026-08-04 01:12:58,293 - INFO - Model: xg boost
2026-08-04 01:12:58,481 - INFO - xg boost CV score: 0.9560290361607743
2026-08-04 01:13:03,109 - INFO - Best threshold: 0.562
2026-08-04 01:13:03,109 - INFO - TSS: 0.933974358974359
2026-08-04 01:13:03,145 - INFO - AUC score: 0.9510909090909091
2026-08-04 01:13:03,149 - INFO - Model: mars
2026-08-04 01:13:03,209 - INFO - mars CV score: 0.9374915983331092
2026-08-04 01:13:07,218 - INFO - Best threshold: 0.2
2026-08-04 01:13:07,218 - INFO - TSS: 0.9166666666666665
2026-08-04 01:13:07,230 - INFO - AUC score: 0.946909090909091
2026-08-04 01:13:07,230 - INFO - Model: maxent
2026-08-04 01:13:08,374 - INFO - maxent CV score: 0.986666061925496
2026-08-04 01:13:13,466 - INFO - Best threshold: 0.045
2026-08-04 01:13:13,466 - INFO - TSS: 0.9032051282051281
2026-08-04 01:13:13,845 - INFO - AUC score: 0.9312727272727274
2026-08-04 01:13:13,846 - INFO - [3, 4, 0]
2026-08-04 01:13:14,806 - INFO - Voting model ROC AUC: 0.9612727272727273
2026-08-04 01:13:14,806 - INFO - Voting model threshold: 0.47200000000000003
2026-08-04 01:13:14,806 - INFO - Best sum: 1.8727272727272728
2026-08-04 01:14:15,588 - INFO - northerncornrootworm
2026-08-04 01:15:29,278 - INFO - 2475 observations with 2 columns
2026-08-04 01:17:10,059 - INFO - Model: random forest
2026-08-04 01:17:14,089 - INFO - random forest CV score: 0.9784420784420785
2026-08-04 01:17:21,529 - INFO - Best threshold: 0.418
2026-08-04 01:17:21,529 - INFO - TSS: 0.9719696969696969
2026-08-04 01:17:22,249 - INFO - AUC score: 0.982
2026-08-04 01:17:22,301 - INFO - Model: lda
2026-08-04 01:17:22,315 - INFO - lda CV score: 0.8874738374738375
2026-08-04 01:17:26,077 - INFO - Best threshold: 0.63
2026-08-04 01:17:26,078 - INFO - TSS: 0.7996212121212121
2026-08-04 01:17:26,081 - INFO - AUC score: 0.8656747967479675
2026-08-04 01:17:26,085 - INFO - Model: decision tree
2026-08-04 01:17:26,107 - INFO - decision tree CV score: 0.9757462007462008
2026-08-04 01:17:29,805 - INFO - Best threshold: 0.501
2026-08-04 01:17:29,805 - INFO - TSS: 0.9609848484848484
2026-08-04 01:17:29,810 - INFO - AUC score: 0.965289972899729
2026-08-04 01:17:29,815 - INFO - Model: log res glm
2026-08-04 01:17:30,592 - INFO - log res glm CV score: 0.9191395941395941
2026-08-04 01:17:34,994 - INFO - Best threshold: 0.606
2026-08-04 01:17:34,995 - INFO - TSS: 0.8742424242424243
2026-08-04 01:17:35,225 - INFO - AUC score: 0.904189701897019
2026-08-04 01:17:35,228 - INFO - Model: log res big
2026-08-04 01:17:36,009 - INFO - log res big CV score: 0.9191395941395941
2026-08-04 01:17:40,387 - INFO - Best threshold: 0.606
2026-08-04 01:17:40,388 - INFO - TSS: 0.8742424242424243
2026-08-04 01:17:40,615 - INFO - AUC score: 0.904189701897019
2026-08-04 01:17:40,618 - INFO - Model: xg boost
2026-08-04 01:17:40,817 - INFO - xg boost CV score: 0.9811379561379561
2026-08-04 01:17:44,816 - INFO - Best threshold: 0.725
2026-08-04 01:17:44,816 - INFO - TSS: 0.9803030303030305
2026-08-04 01:17:44,857 - INFO - AUC score: 0.987289972899729
2026-08-04 01:17:44,861 - INFO - Model: mars
2026-08-04 01:17:44,954 - INFO - mars CV score: 0.9770907270907271
2026-08-04 01:17:48,613 - INFO - Best threshold: 0.664
2026-08-04 01:17:48,614 - INFO - TSS: 0.9662878787878788
2026-08-04 01:17:48,625 - INFO - AUC score: 0.9718048780487805
2026-08-04 01:17:48,625 - INFO - Model: maxent
2026-08-04 01:17:50,143 - INFO - maxent CV score: 0.9906371180020545
2026-08-04 01:17:55,123 - INFO - Best threshold: 0.17400000000000002
2026-08-04 01:17:55,124 - INFO - TSS: 0.9636363636363636
2026-08-04 01:17:55,588 - INFO - AUC score: 0.973869918699187
2026-08-04 01:17:55,588 - INFO - [5, 0, 7]
2026-08-04 01:17:56,596 - INFO - Voting model ROC AUC: 0.9906449864498645
2026-08-04 01:17:56,596 - INFO - Voting model threshold: 0.458
2026-08-04 01:17:56,596 - INFO - Best sum: 1.9866666666666668
2026-08-04 01:20:38,383 - INFO - seedcornmaggot
2026-08-04 01:21:53,141 - INFO - 1006 observations with 2 columns
2026-08-04 01:22:30,346 - INFO - Model: random forest
2026-08-04 01:22:33,689 - INFO - random forest CV score: 0.9950413223140495
2026-08-04 01:22:40,708 - INFO - Best threshold: 0.0
2026-08-04 01:22:40,708 - INFO - TSS: -2.0
2026-08-04 01:22:41,427 - INFO - AUC score: 0.5
2026-08-04 01:22:41,485 - INFO - Model: lda
2026-08-04 01:22:41,508 - INFO - lda CV score: 0.9867768595041323
2026-08-04 01:22:45,267 - INFO - Best threshold: 0.0
2026-08-04 01:22:45,267 - INFO - TSS: -2.0
2026-08-04 01:22:45,272 - INFO - AUC score: 0.5
2026-08-04 01:22:45,275 - INFO - Model: decision tree
2026-08-04 01:22:45,288 - INFO - decision tree CV score: 0.9933746556473828
2026-08-04 01:22:49,089 - INFO - Best threshold: 0.0
2026-08-04 01:22:49,090 - INFO - TSS: -2.0
2026-08-04 01:22:49,093 - INFO - AUC score: 0.5
2026-08-04 01:22:49,097 - INFO - Model: log res glm
2026-08-04 01:22:49,250 - INFO - log res glm CV score: 0.9933884297520661
2026-08-04 01:22:53,096 - INFO - Best threshold: 0.0
2026-08-04 01:22:53,097 - INFO - TSS: -2.0
2026-08-04 01:22:53,133 - INFO - AUC score: 0.5
2026-08-04 01:22:53,137 - INFO - Model: log res big
2026-08-04 01:22:53,282 - INFO - log res big CV score: 0.9933884297520661
2026-08-04 01:22:57,384 - INFO - Best threshold: 0.0
2026-08-04 01:22:57,385 - INFO - TSS: -2.0
2026-08-04 01:22:57,431 - INFO - AUC score: 0.5
2026-08-04 01:22:57,435 - INFO - Model: xg boost
2026-08-04 01:22:57,633 - INFO - xg boost CV score: 0.9950413223140495
2026-08-04 01:23:01,800 - INFO - Best threshold: 0.0
2026-08-04 01:23:01,800 - INFO - TSS: -2.0
2026-08-04 01:23:01,838 - INFO - AUC score: 0.5
2026-08-04 01:23:01,848 - INFO - Model: mars
2026-08-04 01:23:01,908 - INFO - mars CV score: 0.9950413223140495
2026-08-04 01:23:05,700 - INFO - Best threshold: 0.0
2026-08-04 01:23:05,701 - INFO - TSS: -2.0
2026-08-04 01:23:05,710 - INFO - AUC score: 0.5
2026-08-04 01:23:05,710 - INFO - Model: maxent
2026-08-04 01:23:05,793 - INFO - maxent CV score: nan
2026-08-04 01:23:09,561 - INFO - Best threshold: 0.0
2026-08-04 01:23:09,561 - INFO - TSS: -2.0
2026-08-04 01:23:09,579 - INFO - AUC score: 0.5
2026-08-04 01:23:09,579 - INFO - [0, 1, 2]
2026-08-04 01:23:10,522 - INFO - Voting model ROC AUC: 0.75
2026-08-04 01:23:10,522 - INFO - Voting model threshold: 0.363
2026-08-04 01:23:10,522 - INFO - Best sum: 2.0
2026-08-04 01:24:07,327 - INFO - southerngreenstink
2026-08-04 01:25:16,926 - INFO - 1324 observations with 2 columns
2026-08-04 01:25:59,011 - INFO - Model: random forest
2026-08-04 01:26:02,748 - INFO - random forest CV score: 0.9760687843324576
2026-08-04 01:26:09,741 - INFO - Best threshold: 0.362
2026-08-04 01:26:09,742 - INFO - TSS: 0.9833333333333334
2026-08-04 01:26:10,450 - INFO - AUC score: 0.9654814814814814
2026-08-04 01:26:10,523 - INFO - Model: lda
2026-08-04 01:26:10,535 - INFO - lda CV score: 0.9345195446222434
2026-08-04 01:26:14,251 - INFO - Best threshold: 0.126
2026-08-04 01:26:14,252 - INFO - TSS: 0.9333333333333333
2026-08-04 01:26:14,255 - INFO - AUC score: 0.9458271604938272
2026-08-04 01:26:14,259 - INFO - Model: decision tree
2026-08-04 01:26:14,277 - INFO - decision tree CV score: 0.968529575670727
2026-08-04 01:26:18,072 - INFO - Best threshold: 0.501
2026-08-04 01:26:18,072 - INFO - TSS: 0.9390350877192981
2026-08-04 01:26:18,076 - INFO - AUC score: 0.9591358024691358
2026-08-04 01:26:18,080 - INFO - Model: log res glm
2026-08-04 01:26:18,439 - INFO - log res glm CV score: 0.9710134543428071
2026-08-04 01:26:22,458 - INFO - Best threshold: 0.17500000000000002
2026-08-04 01:26:22,459 - INFO - TSS: 0.9057017543859649
2026-08-04 01:26:22,539 - INFO - AUC score: 0.9473086419753085
2026-08-04 01:26:22,542 - INFO - Model: log res big
2026-08-04 01:26:22,899 - INFO - log res big CV score: 0.9710134543428071
2026-08-04 01:26:27,380 - INFO - Best threshold: 0.17500000000000002
2026-08-04 01:26:27,381 - INFO - TSS: 0.9057017543859649
2026-08-04 01:26:27,466 - INFO - AUC score: 0.9473086419753085
2026-08-04 01:26:27,470 - INFO - Model: xg boost
2026-08-04 01:26:27,685 - INFO - xg boost CV score: 0.9798662526868881
2026-08-04 01:26:32,112 - INFO - Best threshold: 0.619
2026-08-04 01:26:32,113 - INFO - TSS: 1.0
2026-08-04 01:26:32,172 - INFO - AUC score: 0.9714814814814814
2026-08-04 01:26:32,180 - INFO - Model: mars
2026-08-04 01:26:32,243 - INFO - mars CV score: 0.9848976992277685
2026-08-04 01:26:36,240 - INFO - Best threshold: 0.435
2026-08-04 01:26:36,240 - INFO - TSS: 0.9916666666666667
2026-08-04 01:26:36,250 - INFO - AUC score: 0.9694814814814814
2026-08-04 01:26:36,251 - INFO - Model: maxent
2026-08-04 01:26:36,486 - INFO - maxent CV score: 0.9950730994152046
2026-08-04 01:26:40,578 - INFO - Best threshold: 0.592
2026-08-04 01:26:40,579 - INFO - TSS: 0.9486842105263158
2026-08-04 01:26:40,643 - INFO - AUC score: 0.9694814814814814
2026-08-04 01:26:40,643 - INFO - [5, 6, 7]
2026-08-04 01:26:41,491 - INFO - Voting model ROC AUC: 0.9798271604938271
2026-08-04 01:26:41,493 - INFO - Voting model threshold: 0.159
2026-08-04 01:26:41,493 - INFO - Best sum: 1.9462585034013604
2026-08-04 01:28:57,416 - INFO - threecornerneredalfalfa
2026-08-04 01:30:19,993 - INFO - 1315 observations with 2 columns
2026-08-04 01:31:03,992 - INFO - Model: random forest
2026-08-04 01:31:07,720 - INFO - random forest CV score: 0.9543578166572603
2026-08-04 01:31:14,983 - INFO - Best threshold: 0.367
2026-08-04 01:31:14,983 - INFO - TSS: 0.9042459088898718
2026-08-04 01:31:15,716 - INFO - AUC score: 0.951012658227848
2026-08-04 01:31:15,774 - INFO - Model: lda
2026-08-04 01:31:15,800 - INFO - lda CV score: 0.9238571313391922
2026-08-04 01:31:19,520 - INFO - Best threshold: 0.03
2026-08-04 01:31:19,521 - INFO - TSS: 0.8140203449800973
2026-08-04 01:31:19,524 - INFO - AUC score: 0.8950126582278481
2026-08-04 01:31:19,528 - INFO - Model: decision tree
2026-08-04 01:31:19,545 - INFO - decision tree CV score: 0.9518100459566234
2026-08-04 01:31:23,282 - INFO - Best threshold: 0.251
2026-08-04 01:31:23,282 - INFO - TSS: 0.8264042459088898
2026-08-04 01:31:23,286 - INFO - AUC score: 0.9256962025316455
2026-08-04 01:31:23,290 - INFO - Model: log res glm
2026-08-04 01:31:23,762 - INFO - log res glm CV score: 0.9530758687414336
2026-08-04 01:31:27,927 - INFO - Best threshold: 0.23600000000000002
2026-08-04 01:31:27,927 - INFO - TSS: 0.914860681114551
2026-08-04 01:31:28,039 - INFO - AUC score: 0.9446835443037974
2026-08-04 01:31:28,043 - INFO - Model: log res big
2026-08-04 01:31:28,494 - INFO - log res big CV score: 0.9530758687414336
2026-08-04 01:31:32,604 - INFO - Best threshold: 0.23600000000000002
2026-08-04 01:31:32,604 - INFO - TSS: 0.914860681114551
2026-08-04 01:31:32,717 - INFO - AUC score: 0.9446835443037974
2026-08-04 01:31:32,721 - INFO - Model: xg boost
2026-08-04 01:31:33,021 - INFO - xg boost CV score: 0.9556317020075789
2026-08-04 01:31:37,191 - INFO - Best threshold: 0.07200000000000001
2026-08-04 01:31:37,193 - INFO - TSS: 0.9042459088898718
2026-08-04 01:31:37,248 - INFO - AUC score: 0.9636708860759493
2026-08-04 01:31:37,258 - INFO - Model: mars
2026-08-04 01:31:37,328 - INFO - mars CV score: 0.9467467548173829
2026-08-04 01:31:41,053 - INFO - Best threshold: 0.311
2026-08-04 01:31:41,054 - INFO - TSS: 0.9400707651481646
2026-08-04 01:31:41,064 - INFO - AUC score: 0.9490126582278481
2026-08-04 01:31:41,065 - INFO - Model: maxent
2026-08-04 01:31:41,656 - INFO - maxent CV score: 0.9708387522861207
2026-08-04 01:31:45,915 - INFO - Best threshold: 0.009000000000000001
2026-08-04 01:31:45,916 - INFO - TSS: 0.9064573197700132
2026-08-04 01:31:46,097 - INFO - AUC score: 0.9346835443037975
2026-08-04 01:31:46,098 - INFO - [5, 0, 6]
2026-08-04 01:31:47,165 - INFO - Voting model ROC AUC: 0.9553417721518986
2026-08-04 01:31:47,165 - INFO - Voting model threshold: 0.23600000000000002
2026-08-04 01:31:47,165 - INFO - Best sum: 1.9403973509933774
2026-08-04 01:33:16,177 - INFO - truearmyworm
2026-08-04 01:34:49,745 - INFO - 6482 observations with 2 columns
2026-08-04 01:38:29,482 - INFO - Model: random forest
2026-08-04 01:38:33,611 - INFO - random forest CV score: 0.9832818863667192
2026-08-04 01:38:41,279 - INFO - Best threshold: 0.742
2026-08-04 01:38:41,279 - INFO - TSS: 0.9749238964992388
2026-08-04 01:38:42,105 - INFO - AUC score: 0.9823413566739606
2026-08-04 01:38:42,161 - INFO - Model: lda
2026-08-04 01:38:42,178 - INFO - lda CV score: 0.9657922336585576
2026-08-04 01:38:46,040 - INFO - Best threshold: 0.712
2026-08-04 01:38:46,041 - INFO - TSS: 0.8506468797564688
2026-08-04 01:38:46,045 - INFO - AUC score: 0.9085061998541211
2026-08-04 01:38:46,049 - INFO - Model: decision tree
2026-08-04 01:38:46,097 - INFO - decision tree CV score: 0.9771092429190116
2026-08-04 01:38:49,927 - INFO - Best threshold: 0.751
2026-08-04 01:38:49,928 - INFO - TSS: 0.959779299847793
2026-08-04 01:38:49,940 - INFO - AUC score: 0.9558001458789206
2026-08-04 01:38:49,943 - INFO - Model: log res glm
2026-08-04 01:38:50,206 - INFO - log res glm CV score: 0.9724786850750862
2026-08-04 01:38:54,272 - INFO - Best threshold: 0.758
2026-08-04 01:38:54,273 - INFO - TSS: 0.8991248097412481
2026-08-04 01:38:54,313 - INFO - AUC score: 0.9444945295404815
2026-08-04 01:38:54,317 - INFO - Model: log res big
2026-08-04 01:38:54,581 - INFO - log res big CV score: 0.9724786850750862
2026-08-04 01:38:58,612 - INFO - Best threshold: 0.758
2026-08-04 01:38:58,612 - INFO - TSS: 0.8991248097412481
2026-08-04 01:38:58,654 - INFO - AUC score: 0.9444945295404815
2026-08-04 01:38:58,657 - INFO - Model: xg boost
2026-08-04 01:38:58,881 - INFO - xg boost CV score: 0.9861122966521423
2026-08-04 01:39:03,310 - INFO - Best threshold: 0.927
2026-08-04 01:39:03,310 - INFO - TSS: 0.9779680365296803
2026-08-04 01:39:03,399 - INFO - AUC score: 0.9778001458789204
2026-08-04 01:39:03,406 - INFO - Model: mars
2026-08-04 01:39:03,541 - INFO - mars CV score: 0.9778801202965728
2026-08-04 01:39:07,743 - INFO - Best threshold: 0.659
2026-08-04 01:39:07,744 - INFO - TSS: 0.9431126331811264
2026-08-04 01:39:07,766 - INFO - AUC score: 0.9576119620714807
2026-08-04 01:39:07,766 - INFO - Model: maxent
2026-08-04 01:39:14,058 - INFO - maxent CV score: 0.9930544992050383
2026-08-04 01:39:23,408 - INFO - Best threshold: 1.0
2026-08-04 01:39:23,409 - INFO - TSS: 0.9573820395738204
2026-08-04 01:39:24,658 - INFO - AUC score: 0.9741181619256017
2026-08-04 01:39:24,659 - INFO - [0, 5, 7]
2026-08-04 01:39:25,654 - INFO - Voting model ROC AUC: 0.9806827133479212
2026-08-04 01:39:25,655 - INFO - Voting model threshold: 0.9450000000000001
2026-08-04 01:39:25,655 - INFO - Best sum: 1.9641717294451193
2026-08-04 01:42:17,037 - INFO - two-striped-grasshopper
2026-08-04 01:42:23,734 - WARNING - R script failed. Proceeding if data files exist.
2026-08-04 01:42:23,997 - INFO - 1871 observations with 2 columns
2026-08-04 01:43:36,181 - INFO - Model: random forest
2026-08-04 01:43:40,578 - INFO - random forest CV score: 0.9322698412698414
2026-08-04 01:43:48,870 - INFO - Best threshold: 0.343
2026-08-04 01:43:48,870 - INFO - TSS: 0.8737179487179487
2026-08-04 01:43:49,751 - INFO - AUC score: 0.9302385321100918
2026-08-04 01:43:49,820 - INFO - Model: lda
2026-08-04 01:43:49,846 - INFO - lda CV score: 0.8093055555555555
2026-08-04 01:43:53,980 - INFO - Best threshold: 0.43
2026-08-04 01:43:53,980 - INFO - TSS: 0.6871794871794872
2026-08-04 01:43:53,984 - INFO - AUC score: 0.8533027522935781
2026-08-04 01:43:53,988 - INFO - Model: decision tree
2026-08-04 01:43:54,014 - INFO - decision tree CV score: 0.916218253968254
2026-08-04 01:43:58,331 - INFO - Best threshold: 0.501
2026-08-04 01:43:58,332 - INFO - TSS: 0.8256410256410256
2026-08-04 01:43:58,339 - INFO - AUC score: 0.9261834862385322
2026-08-04 01:43:58,343 - INFO - Model: log res glm
2026-08-04 01:43:58,535 - INFO - log res glm CV score: 0.8119642857142857
2026-08-04 01:44:02,980 - INFO - Best threshold: 0.354
2026-08-04 01:44:02,980 - INFO - TSS: 0.6923076923076923
2026-08-04 01:44:03,017 - INFO - AUC score: 0.8478899082568808
2026-08-04 01:44:03,021 - INFO - Model: log res big
2026-08-04 01:44:03,191 - INFO - log res big CV score: 0.8119642857142857
2026-08-04 01:44:07,449 - INFO - Best threshold: 0.354
2026-08-04 01:44:07,450 - INFO - TSS: 0.6923076923076923
2026-08-04 01:44:07,486 - INFO - AUC score: 0.8478899082568808
2026-08-04 01:44:07,490 - INFO - Model: xg boost
2026-08-04 01:44:07,912 - INFO - xg boost CV score: 0.9278134920634921
2026-08-04 01:44:12,672 - INFO - Best threshold: 0.108
2026-08-04 01:44:12,674 - INFO - TSS: 0.8987179487179486
2026-08-04 01:44:12,748 - INFO - AUC score: 0.9368256880733946
2026-08-04 01:44:12,757 - INFO - Model: mars
2026-08-04 01:44:12,882 - INFO - mars CV score: 0.9055317460317461
2026-08-04 01:44:17,069 - INFO - Best threshold: 0.316
2026-08-04 01:44:17,069 - INFO - TSS: 0.8653846153846154
2026-08-04 01:44:17,085 - INFO - AUC score: 0.9291192660550459
2026-08-04 01:44:17,085 - INFO - Model: maxent
2026-08-04 01:44:18,854 - INFO - maxent CV score: 0.9713691239316239
2026-08-04 01:44:24,784 - INFO - Best threshold: 0.098
2026-08-04 01:44:24,786 - INFO - TSS: 0.8615384615384616
2026-08-04 01:44:25,307 - INFO - AUC score: 0.9322385321100917
2026-08-04 01:44:25,308 - INFO - [5, 7, 0]
2026-08-04 01:44:26,498 - INFO - Voting model ROC AUC: 0.9451192660550459
2026-08-04 01:44:26,498 - INFO - Voting model threshold: 0.318
2026-08-04 01:44:26,498 - INFO - Best sum: 1.8894656488549617
2026-08-04 01:47:15,434 - INFO - westcornrootworm
2026-08-04 01:48:34,730 - INFO - 1440 observations with 2 columns
2026-08-04 01:49:30,536 - INFO - Model: random forest
2026-08-04 01:49:34,846 - INFO - random forest CV score: 0.9259309046914908
2026-08-04 01:49:42,895 - INFO - Best threshold: 0.372
2026-08-04 01:49:42,896 - INFO - TSS: 0.8455128205128206
2026-08-04 01:49:43,750 - INFO - AUC score: 0.9347272727272726
2026-08-04 01:49:43,822 - INFO - Model: lda
2026-08-04 01:49:43,849 - INFO - lda CV score: 0.738432585024869
2026-08-04 01:49:47,894 - INFO - Best threshold: 0.159
2026-08-04 01:49:47,894 - INFO - TSS: 0.6474358974358974
2026-08-04 01:49:47,898 - INFO - AUC score: 0.8023636363636364
2026-08-04 01:49:47,902 - INFO - Model: decision tree
2026-08-04 01:49:47,921 - INFO - decision tree CV score: 0.910881838956849
2026-08-04 01:49:51,984 - INFO - Best threshold: 0.251
2026-08-04 01:49:51,985 - INFO - TSS: 0.81474358974359
2026-08-04 01:49:51,990 - INFO - AUC score: 0.91
2026-08-04 01:49:51,994 - INFO - Model: log res glm
2026-08-04 01:49:52,216 - INFO - log res glm CV score: 0.7546041134561097
2026-08-04 01:49:56,601 - INFO - Best threshold: 0.134
2026-08-04 01:49:56,602 - INFO - TSS: 0.6307692307692307
2026-08-04 01:49:56,631 - INFO - AUC score: 0.788909090909091
2026-08-04 01:49:56,637 - INFO - Model: log res big
2026-08-04 01:49:56,809 - INFO - log res big CV score: 0.7546041134561097
2026-08-04 01:50:01,074 - INFO - Best threshold: 0.134
2026-08-04 01:50:01,075 - INFO - TSS: 0.6307692307692307
2026-08-04 01:50:01,107 - INFO - AUC score: 0.788909090909091
2026-08-04 01:50:01,112 - INFO - Model: xg boost
2026-08-04 01:50:01,502 - INFO - xg boost CV score: 0.9340301115741363
2026-08-04 01:50:06,120 - INFO - Best threshold: 0.293
2026-08-04 01:50:06,121 - INFO - TSS: 0.8429487179487181
2026-08-04 01:50:06,184 - INFO - AUC score: 0.9361818181818182
2026-08-04 01:50:06,193 - INFO - Model: mars
2026-08-04 01:50:06,284 - INFO - mars CV score: 0.8946699825245329
2026-08-04 01:50:10,407 - INFO - Best threshold: 0.34700000000000003
2026-08-04 01:50:10,407 - INFO - TSS: 0.8012820512820511
2026-08-04 01:50:10,423 - INFO - AUC score: 0.9005454545454545
2026-08-04 01:50:10,423 - INFO - Model: maxent
2026-08-04 01:50:11,315 - INFO - maxent CV score: 0.9619049346879536
2026-08-04 01:50:16,218 - INFO - Best threshold: 0.067
2026-08-04 01:50:16,218 - INFO - TSS: 0.8423076923076924
2026-08-04 01:50:16,356 - INFO - AUC score: 0.9283636363636364
2026-08-04 01:50:16,356 - INFO - [5, 0, 7]
2026-08-04 01:50:17,499 - INFO - Voting model ROC AUC: 0.9316363636363636
2026-08-04 01:50:17,499 - INFO - Voting model threshold: 0.297
2026-08-04 01:50:17,500 - INFO - Best sum: 1.8945454545454545
